Error testing Page7Main.html against bed_express_server (http://localhost:3000/check): HTTPConnectionPool(host='localhost', port=3000): Max retries exceeded with url: /check (Caused by NewConnectionError('<urllib3.connection.HTTPConnection object at 0x105b6fdd0>: Failed to establish a new connection: [Errno 61] Connection refused')). Time taken: 0.01 seconds
Error testing test.html against bed_express_server (http://localhost:3000/check): HTTPConnectionPool(host='localhost', port=3000): Max retries exceeded with url: /check (Caused by NewConnectionError('<urllib3.connection.HTTPConnection object at 0x105b6f5c0>: Failed to establish a new connection: [Errno 61] Connection refused')). Time taken: 0.01 seconds
Tested test.html against ea2_express_server (http://localhost:3002/check). Output written to test_results/ea2_express_server_test.html_20240829_123353.json. Time taken: 1.45 seconds
Tested Page7Main.html against ea2_express_server (http://localhost:3002/check). Output written to test_results/ea2_express_server_Page7Main.html_20240829_123354.json. Time taken: 2.53 seconds
Tested test.html against lambda_function (http://localhost:3001/check). Output written to test_results/lambda_function_test.html_20240829_123358.json. Time taken: 6.92 seconds
Tested Page7Main.html against lambda_function (http://localhost:3001/check). Output written to test_results/lambda_function_Page7Main.html_20240829_123402.json. Time taken: 10.71 seconds
